// Jest Snapshot v1, https://goo.gl/fbAQLP

exports[`React Component: ControlButton matches a snapshot 1`] = `
<div
  className="undefined "
  onMouseDown={[Function]}
  style={undefined}
/>
`;
